This file contains any messages produced by compilers while
running configure, to aid debugging if configure makes a mistake.

It was created by configure, which was
generated by GNU Autoconf 2.71.  Invocation command line was

  $ ./configure

## --------- ##
## Platform. ##
## --------- ##

hostname = FFGG-1009803
uname -m = x86_64
uname -r = 6.8.0-107-generic
uname -s = Linux
uname -v = #107~22.04.1-Ubuntu SMP PREEMPT_DYNAMIC Wed Mar 18 23:40:43 UTC 

/usr/bin/uname -p = x86_64
/bin/uname -X     = unknown

/bin/arch              = x86_64
/usr/bin/arch -k       = unknown
/usr/convex/getsysinfo = unknown
/usr/bin/hostinfo      = unknown
/bin/machine           = unknown
/usr/bin/oslevel       = unknown
/bin/universe          = unknown

PATH: /home/jr/.local/bin/
PATH: /usr/local/sbin/
PATH: /usr/local/bin/
PATH: /usr/sbin/
PATH: /usr/bin/
PATH: /sbin/
PATH: /bin/
PATH: /usr/games/
PATH: /usr/local/games/
PATH: /snap/bin/
PATH: /opt/quarto/bin/
PATH: /usr/lib/rstudio/resources/app/bin/postback/


## ----------- ##
## Core tests. ##
## ----------- ##

configure:2281: CC: gcc
configure:2283: CXX: g++ -std=gnu++17
configure:2311: checking for gdal-config
configure:2334: found /usr/bin/gdal-config
configure:2347: result: /usr/bin/gdal-config
configure:2383: checking gdal-config usability
configure:2392: result: yes
configure:2411: GDAL: 3.8.4
configure:2413: checking GDAL version >= 2.0.1
configure:2424: result: yes
configure:2510: checking for gcc
configure:2542: result: gcc
configure:2895: checking for C compiler version
configure:2904: gcc --version >&5
gcc (Ubuntu 11.4.0-1ubuntu1~22.04.3) 11.4.0
Copyright (C) 2021 Free Software Foundation, Inc.
This is free software; see the source for copying conditions.  There is NO
warranty; not even for MERCHANTABILITY or FITNESS FOR A PARTICULAR PURPOSE.

configure:2915: $? = 0
configure:2904: gcc -v >&5
Using built-in specs.
COLLECT_GCC=gcc
COLLECT_LTO_WRAPPER=/usr/lib/gcc/x86_64-linux-gnu/11/lto-wrapper
OFFLOAD_TARGET_NAMES=nvptx-none:amdgcn-amdhsa
OFFLOAD_TARGET_DEFAULT=1
Target: x86_64-linux-gnu
Configured with: ../src/configure -v --with-pkgversion='Ubuntu 11.4.0-1ubuntu1~22.04.3' --with-bugurl=file:///usr/share/doc/gcc-11/README.Bugs --enable-languages=c,ada,c++,go,brig,d,fortran,objc,obj-c++,m2 --prefix=/usr --with-gcc-major-version-only --program-suffix=-11 --program-prefix=x86_64-linux-gnu- --enable-shared --enable-linker-build-id --libexecdir=/usr/lib --without-included-gettext --enable-threads=posix --libdir=/usr/lib --enable-nls --enable-bootstrap --enable-clocale=gnu --enable-libstdcxx-debug --enable-libstdcxx-time=yes --with-default-libstdcxx-abi=new --enable-gnu-unique-object --disable-vtable-verify --enable-plugin --enable-default-pie --with-system-zlib --enable-libphobos-checking=release --with-target-system-zlib=auto --enable-objc-gc=auto --enable-multiarch --disable-werror --enable-cet --with-arch-32=i686 --with-abi=m64 --with-multilib-list=m32,m64,mx32 --enable-multilib --with-tune=generic --enable-offload-targets=nvptx-none=/build/gcc-11-0odw26/gcc-11-11.4.0/debian/tmp-nvptx/usr,amdgcn-amdhsa=/build/gcc-11-0odw26/gcc-11-11.4.0/debian/tmp-gcn/usr --without-cuda-driver --enable-checking=release --build=x86_64-linux-gnu --host=x86_64-linux-gnu --target=x86_64-linux-gnu --with-build-config=bootstrap-lto-lean --enable-link-serialization=2
Thread model: posix
Supported LTO compression algorithms: zlib zstd
gcc version 11.4.0 (Ubuntu 11.4.0-1ubuntu1~22.04.3) 
... rest of stderr output deleted ...
configure:2915: $? = 0
configure:2904: gcc -V >&5
gcc: error: unrecognized command-line option '-V'
gcc: fatal error: no input files
compilation terminated.
configure:2915: $? = 1
configure:2904: gcc -qversion >&5
gcc: error: unrecognized command-line option '-qversion'; did you mean '--version'?
gcc: fatal error: no input files
compilation terminated.
configure:2915: $? = 1
configure:2904: gcc -version >&5
gcc: error: unrecognized command-line option '-version'
gcc: fatal error: no input files
compilation terminated.
configure:2915: $? = 1
configure:2935: checking whether the C compiler works
configure:2957: gcc -g -O2 -ffile-prefix-map=/build/r-base-QoVTUP/r-base-4.5.3=. -fstack-protector-strong -Wformat -Werror=format-security -Wdate-time -D_FORTIFY_SOURCE=2 -UNDEBUG -Wall -pedantic -g -O0 -fdiagnostics-color=always   -I/usr/include/gdal -Wl,-Bsymbolic-functions -flto=auto -ffat-lto-objects -flto=auto -Wl,-z,relro conftest.c  >&5
configure:2961: $? = 0
configure:3011: result: yes
configure:3014: checking for C compiler default output file name
configure:3016: result: a.out
configure:3022: checking for suffix of executables
configure:3029: gcc -o conftest -g -O2 -ffile-prefix-map=/build/r-base-QoVTUP/r-base-4.5.3=. -fstack-protector-strong -Wformat -Werror=format-security -Wdate-time -D_FORTIFY_SOURCE=2 -UNDEBUG -Wall -pedantic -g -O0 -fdiagnostics-color=always   -I/usr/include/gdal -Wl,-Bsymbolic-functions -flto=auto -ffat-lto-objects -flto=auto -Wl,-z,relro conftest.c  >&5
configure:3033: $? = 0
configure:3056: result: 
configure:3078: checking whether we are cross compiling
configure:3086: gcc -o conftest -g -O2 -ffile-prefix-map=/build/r-base-QoVTUP/r-base-4.5.3=. -fstack-protector-strong -Wformat -Werror=format-security -Wdate-time -D_FORTIFY_SOURCE=2 -UNDEBUG -Wall -pedantic -g -O0 -fdiagnostics-color=always   -I/usr/include/gdal -Wl,-Bsymbolic-functions -flto=auto -ffat-lto-objects -flto=auto -Wl,-z,relro conftest.c  >&5
configure:3090: $? = 0
configure:3097: ./conftest
configure:3101: $? = 0
configure:3116: result: no
configure:3121: checking for suffix of object files
configure:3144: gcc -c -g -O2 -ffile-prefix-map=/build/r-base-QoVTUP/r-base-4.5.3=. -fstack-protector-strong -Wformat -Werror=format-security -Wdate-time -D_FORTIFY_SOURCE=2 -UNDEBUG -Wall -pedantic -g -O0 -fdiagnostics-color=always   -I/usr/include/gdal conftest.c >&5
configure:3148: $? = 0
configure:3170: result: o
configure:3174: checking whether the compiler supports GNU C
configure:3194: gcc -c -g -O2 -ffile-prefix-map=/build/r-base-QoVTUP/r-base-4.5.3=. -fstack-protector-strong -Wformat -Werror=format-security -Wdate-time -D_FORTIFY_SOURCE=2 -UNDEBUG -Wall -pedantic -g -O0 -fdiagnostics-color=always   -I/usr/include/gdal conftest.c >&5
configure:3194: $? = 0
configure:3204: result: yes
configure:3215: checking whether gcc accepts -g
configure:3236: gcc -c -g   -I/usr/include/gdal conftest.c >&5
configure:3236: $? = 0
configure:3280: result: yes
configure:3300: checking for gcc option to enable C11 features
configure:3315: gcc  -c -g -O2 -ffile-prefix-map=/build/r-base-QoVTUP/r-base-4.5.3=. -fstack-protector-strong -Wformat -Werror=format-security -Wdate-time -D_FORTIFY_SOURCE=2 -UNDEBUG -Wall -pedantic -g -O0 -fdiagnostics-color=always   -I/usr/include/gdal conftest.c >&5
configure:3315: $? = 0
configure:3333: result: none needed
configure:3448: checking for stdio.h
configure:3448: gcc -c -g -O2 -ffile-prefix-map=/build/r-base-QoVTUP/r-base-4.5.3=. -fstack-protector-strong -Wformat -Werror=format-security -Wdate-time -D_FORTIFY_SOURCE=2 -UNDEBUG -Wall -pedantic -g -O0 -fdiagnostics-color=always   -I/usr/include/gdal conftest.c >&5
configure:3448: $? = 0
configure:3448: result: yes
configure:3448: checking for stdlib.h
configure:3448: gcc -c -g -O2 -ffile-prefix-map=/build/r-base-QoVTUP/r-base-4.5.3=. -fstack-protector-strong -Wformat -Werror=format-security -Wdate-time -D_FORTIFY_SOURCE=2 -UNDEBUG -Wall -pedantic -g -O0 -fdiagnostics-color=always   -I/usr/include/gdal conftest.c >&5
configure:3448: $? = 0
configure:3448: result: yes
configure:3448: checking for string.h
configure:3448: gcc -c -g -O2 -ffile-prefix-map=/build/r-base-QoVTUP/r-base-4.5.3=. -fstack-protector-strong -Wformat -Werror=format-security -Wdate-time -D_FORTIFY_SOURCE=2 -UNDEBUG -Wall -pedantic -g -O0 -fdiagnostics-color=always   -I/usr/include/gdal conftest.c >&5
configure:3448: $? = 0
configure:3448: result: yes
configure:3448: checking for inttypes.h
configure:3448: gcc -c -g -O2 -ffile-prefix-map=/build/r-base-QoVTUP/r-base-4.5.3=. -fstack-protector-strong -Wformat -Werror=format-security -Wdate-time -D_FORTIFY_SOURCE=2 -UNDEBUG -Wall -pedantic -g -O0 -fdiagnostics-color=always   -I/usr/include/gdal conftest.c >&5
configure:3448: $? = 0
configure:3448: result: yes
configure:3448: checking for stdint.h
configure:3448: gcc -c -g -O2 -ffile-prefix-map=/build/r-base-QoVTUP/r-base-4.5.3=. -fstack-protector-strong -Wformat -Werror=format-security -Wdate-time -D_FORTIFY_SOURCE=2 -UNDEBUG -Wall -pedantic -g -O0 -fdiagnostics-color=always   -I/usr/include/gdal conftest.c >&5
configure:3448: $? = 0
configure:3448: result: yes
configure:3448: checking for strings.h
configure:3448: gcc -c -g -O2 -ffile-prefix-map=/build/r-base-QoVTUP/r-base-4.5.3=. -fstack-protector-strong -Wformat -Werror=format-security -Wdate-time -D_FORTIFY_SOURCE=2 -UNDEBUG -Wall -pedantic -g -O0 -fdiagnostics-color=always   -I/usr/include/gdal conftest.c >&5
configure:3448: $? = 0
configure:3448: result: yes
configure:3448: checking for sys/stat.h
configure:3448: gcc -c -g -O2 -ffile-prefix-map=/build/r-base-QoVTUP/r-base-4.5.3=. -fstack-protector-strong -Wformat -Werror=format-security -Wdate-time -D_FORTIFY_SOURCE=2 -UNDEBUG -Wall -pedantic -g -O0 -fdiagnostics-color=always   -I/usr/include/gdal conftest.c >&5
configure:3448: $? = 0
configure:3448: result: yes
configure:3448: checking for sys/types.h
configure:3448: gcc -c -g -O2 -ffile-prefix-map=/build/r-base-QoVTUP/r-base-4.5.3=. -fstack-protector-strong -Wformat -Werror=format-security -Wdate-time -D_FORTIFY_SOURCE=2 -UNDEBUG -Wall -pedantic -g -O0 -fdiagnostics-color=always   -I/usr/include/gdal conftest.c >&5
configure:3448: $? = 0
configure:3448: result: yes
configure:3448: checking for unistd.h
configure:3448: gcc -c -g -O2 -ffile-prefix-map=/build/r-base-QoVTUP/r-base-4.5.3=. -fstack-protector-strong -Wformat -Werror=format-security -Wdate-time -D_FORTIFY_SOURCE=2 -UNDEBUG -Wall -pedantic -g -O0 -fdiagnostics-color=always   -I/usr/include/gdal conftest.c >&5
configure:3448: $? = 0
configure:3448: result: yes
configure:3475: checking for gdal.h
configure:3475: gcc -c -g -O2 -ffile-prefix-map=/build/r-base-QoVTUP/r-base-4.5.3=. -fstack-protector-strong -Wformat -Werror=format-security -Wdate-time -D_FORTIFY_SOURCE=2 -UNDEBUG -Wall -pedantic -g -O0 -fdiagnostics-color=always   -I/usr/include/gdal conftest.c >&5
In file included from [01m[K/usr/include/gdal/ogr_api.h:45[m[K,
                 from [01m[K/usr/include/gdal/gdal.h:50[m[K,
                 from [01m[Kconftest.c:47[m[K:
[01m[K/usr/include/gdal/ogr_core.h:512:19:[m[K [01;35m[Kwarning: [m[KISO C restricts enumerator values to range of '[01m[Kint[m[K' [[01;35m[K-Wpedantic[m[K]
  512 |     wkbPoint25D = [01;35m[K0x80000001[m[K,             /**< 2.5D extension as per 99-402 */
      |                   [01;35m[K^~~~~~~~~~[m[K
[01m[K/usr/include/gdal/ogr_core.h:513:24:[m[K [01;35m[Kwarning: [m[KISO C restricts enumerator values to range of '[01m[Kint[m[K' [[01;35m[K-Wpedantic[m[K]
  513 |     wkbLineString25D = [01;35m[K0x80000002[m[K,        /**< 2.5D extension as per 99-402 */
      |                        [01;35m[K^~~~~~~~~~[m[K
[01m[K/usr/include/gdal/ogr_core.h:514:21:[m[K [01;35m[Kwarning: [m[KISO C restricts enumerator values to range of '[01m[Kint[m[K' [[01;35m[K-Wpedantic[m[K]
  514 |     wkbPolygon25D = [01;35m[K0x80000003[m[K,           /**< 2.5D extension as per 99-402 */
      |                     [01;35m[K^~~~~~~~~~[m[K
[01m[K/usr/include/gdal/ogr_core.h:515:24:[m[K [01;35m[Kwarning: [m[KISO C restricts enumerator values to range of '[01m[Kint[m[K' [[01;35m[K-Wpedantic[m[K]
  515 |     wkbMultiPoint25D = [01;35m[K0x80000004[m[K,        /**< 2.5D extension as per 99-402 */
      |                        [01;35m[K^~~~~~~~~~[m[K
[01m[K/usr/include/gdal/ogr_core.h:516:29:[m[K [01;35m[Kwarning: [m[KISO C restricts enumerator values to range of '[01m[Kint[m[K' [[01;35m[K-Wpedantic[m[K]
  516 |     wkbMultiLineString25D = [01;35m[K0x80000005[m[K,   /**< 2.5D extension as per 99-402 */
      |                             [01;35m[K^~~~~~~~~~[m[K
[01m[K/usr/include/gdal/ogr_core.h:517:26:[m[K [01;35m[Kwarning: [m[KISO C restricts enumerator values to range of '[01m[Kint[m[K' [[01;35m[K-Wpedantic[m[K]
  517 |     wkbMultiPolygon25D = [01;35m[K0x80000006[m[K,      /**< 2.5D extension as per 99-402 */
      |                          [01;35m[K^~~~~~~~~~[m[K
[01m[K/usr/include/gdal/ogr_core.h:518:32:[m[K [01;35m[Kwarning: [m[KISO C restricts enumerator values to range of '[01m[Kint[m[K' [[01;35m[K-Wpedantic[m[K]
  518 |     wkbGeometryCollection25D = [01;35m[K0x80000007[m[K /**< 2.5D extension as per 99-402 */
      |                                [01;35m[K^~~~~~~~~~[m[K
configure:3475: $? = 0
configure:3475: result: yes
configure:3504: checking GDAL: linking with --libs only
configure:3512: result: yes
configure:3558: checking GDAL: /usr/share/gdal/pcs.csv readable
configure:3564: result: no
configure:3643: checking GDAL: checking whether PROJ is available for linking:
configure:3652: result: yes
configure:3663: checking GDAL: checking whether PROJ is available for running:
configure:3676: result: yes
configure:3684: GDAL: 3.8.4
configure:3709: pkg-config proj exists, will use it
configure:3758: using proj.h.
configure:3828: PROJ: 9.3.1
configure:3909: checking PROJ: checking whether PROJ and sqlite3 are available for linking:
configure:3918: result: yes
configure:4151: checking for geos-config
configure:4174: found /usr/bin/geos-config
configure:4187: result: /usr/bin/geos-config
configure:4223: checking geos-config usability
configure:4232: result: yes
configure:4241: GEOS: 3.12.1
configure:4243: checking GEOS version >= 3.4.0
configure:4251: result: yes
configure:4273: checking for geos_c.h
configure:4273: gcc -c -g -O2 -ffile-prefix-map=/build/r-base-QoVTUP/r-base-4.5.3=. -fstack-protector-strong -Wformat -Werror=format-security -Wdate-time -D_FORTIFY_SOURCE=2 -UNDEBUG -Wall -pedantic -g -O0 -fdiagnostics-color=always   -I/usr/include/gdal -I/usr/include/x86_64-linux-gnu -DHAVE_PROJ_H  -I/usr/include/x86_64-linux-gnu -DHAVE_PROJ_H -I/usr/include/gdal -I/usr/include conftest.c >&5
configure:4273: $? = 0
configure:4273: result: yes
configure:4308: checking geos: linking with -L/usr/lib/x86_64-linux-gnu -lgeos_c
configure:4318: result: yes
configure:4352: Package CPP flags:  -I/usr/include/x86_64-linux-gnu -DHAVE_PROJ_H -I/usr/include/gdal -I/usr/include
configure:4354: Package LIBS: -lproj   -L/usr/lib/x86_64-linux-gnu -lgdal -L/usr/lib/x86_64-linux-gnu -lgeos_c
configure:4501: creating ./config.status

## ---------------------- ##
## Running config.status. ##
## ---------------------- ##

This file was extended by config.status, which was
generated by GNU Autoconf 2.71.  Invocation command line was

  CONFIG_FILES    = 
  CONFIG_HEADERS  = 
  CONFIG_LINKS    = 
  CONFIG_COMMANDS = 
  $ ./config.status 

on FFGG-1009803

config.status:723: creating src/Makevars

## ---------------- ##
## Cache variables. ##
## ---------------- ##

ac_cv_c_compiler_gnu=yes
ac_cv_env_CC_set=set
ac_cv_env_CC_value=gcc
ac_cv_env_CFLAGS_set=set
ac_cv_env_CFLAGS_value='-g -O2 -ffile-prefix-map=/build/r-base-QoVTUP/r-base-4.5.3=. -fstack-protector-strong -Wformat -Werror=format-security -Wdate-time -D_FORTIFY_SOURCE=2 -UNDEBUG -Wall -pedantic -g -O0 -fdiagnostics-color=always'
ac_cv_env_CPPFLAGS_set=
ac_cv_env_CPPFLAGS_value=
ac_cv_env_LDFLAGS_set=set
ac_cv_env_LDFLAGS_value='-Wl,-Bsymbolic-functions -flto=auto -ffat-lto-objects -flto=auto -Wl,-z,relro'
ac_cv_env_LIBS_set=
ac_cv_env_LIBS_value=
ac_cv_env_build_alias_set=
ac_cv_env_build_alias_value=
ac_cv_env_host_alias_set=
ac_cv_env_host_alias_value=
ac_cv_env_target_alias_set=
ac_cv_env_target_alias_value=
ac_cv_header_gdal_h=yes
ac_cv_header_geos_c_h=yes
ac_cv_header_inttypes_h=yes
ac_cv_header_stdint_h=yes
ac_cv_header_stdio_h=yes
ac_cv_header_stdlib_h=yes
ac_cv_header_string_h=yes
ac_cv_header_strings_h=yes
ac_cv_header_sys_stat_h=yes
ac_cv_header_sys_types_h=yes
ac_cv_header_unistd_h=yes
ac_cv_objext=o
ac_cv_path_GDAL_CONFIG=/usr/bin/gdal-config
ac_cv_path_GEOS_CONFIG=/usr/bin/geos-config
ac_cv_prog_ac_ct_CC=gcc
ac_cv_prog_cc_c11=
ac_cv_prog_cc_g=yes
ac_cv_prog_cc_stdc=

## ----------------- ##
## Output variables. ##
## ----------------- ##

CC='gcc'
CFLAGS='-g -O2 -ffile-prefix-map=/build/r-base-QoVTUP/r-base-4.5.3=. -fstack-protector-strong -Wformat -Werror=format-security -Wdate-time -D_FORTIFY_SOURCE=2 -UNDEBUG -Wall -pedantic -g -O0 -fdiagnostics-color=always'
CPPFLAGS='  -I/usr/include/gdal -I/usr/include/x86_64-linux-gnu -DHAVE_PROJ_H  -I/usr/include/x86_64-linux-gnu -DHAVE_PROJ_H -I/usr/include/gdal -I/usr/include'
DEFS='-DPACKAGE_NAME=\"\" -DPACKAGE_TARNAME=\"\" -DPACKAGE_VERSION=\"\" -DPACKAGE_STRING=\"\" -DPACKAGE_BUGREPORT=\"\" -DPACKAGE_URL=\"\" -DHAVE_STDIO_H=1 -DHAVE_STDLIB_H=1 -DHAVE_STRING_H=1 -DHAVE_INTTYPES_H=1 -DHAVE_STDINT_H=1 -DHAVE_STRINGS_H=1 -DHAVE_SYS_STAT_H=1 -DHAVE_SYS_TYPES_H=1 -DHAVE_UNISTD_H=1 -DSTDC_HEADERS=1 -DHAVE_GDAL_H=1 -DHAVE_GEOS_C_H=1'
ECHO_C=''
ECHO_N='-n'
ECHO_T=''
EXEEXT=''
GDAL_CONFIG='/usr/bin/gdal-config'
GEOS_CONFIG='/usr/bin/geos-config'
LDFLAGS='-Wl,-Bsymbolic-functions -flto=auto -ffat-lto-objects -flto=auto -Wl,-z,relro'
LIBOBJS=''
LIBS='-lproj    -L/usr/lib/x86_64-linux-gnu -lgdal  -L/usr/lib/x86_64-linux-gnu -lgdal'
LTLIBOBJS=''
OBJEXT='o'
PACKAGE_BUGREPORT=''
PACKAGE_NAME=''
PACKAGE_STRING=''
PACKAGE_TARNAME=''
PACKAGE_URL=''
PACKAGE_VERSION=''
PATH_SEPARATOR=':'
PKG_CPPFLAGS=' -I/usr/include/x86_64-linux-gnu -DHAVE_PROJ_H -I/usr/include/gdal -I/usr/include'
PKG_LIBS='-lproj   -L/usr/lib/x86_64-linux-gnu -lgdal -L/usr/lib/x86_64-linux-gnu -lgeos_c'
PROJ_CPPFLAGS='-I/usr/include/x86_64-linux-gnu -DHAVE_PROJ_H'
PROJ_LIBS='-lproj '
SHELL='/bin/bash'
SQLITE3_LIBS=''
ac_ct_CC='gcc'
bindir='${exec_prefix}/bin'
build_alias=''
datadir='${datarootdir}'
datarootdir='${prefix}/share'
docdir='${datarootdir}/doc/${PACKAGE}'
dvidir='${docdir}'
exec_prefix='${prefix}'
host_alias=''
htmldir='${docdir}'
includedir='${prefix}/include'
infodir='${datarootdir}/info'
libdir='${exec_prefix}/lib'
libexecdir='${exec_prefix}/libexec'
localedir='${datarootdir}/locale'
localstatedir='${prefix}/var'
mandir='${datarootdir}/man'
oldincludedir='/usr/include'
pdfdir='${docdir}'
prefix='/usr/local'
program_transform_name='s,x,x,'
psdir='${docdir}'
runstatedir='${localstatedir}/run'
sbindir='${exec_prefix}/sbin'
sharedstatedir='${prefix}/com'
sysconfdir='${prefix}/etc'
target_alias=''

## ----------- ##
## confdefs.h. ##
## ----------- ##

/* confdefs.h */
#define PACKAGE_NAME ""
#define PACKAGE_TARNAME ""
#define PACKAGE_VERSION ""
#define PACKAGE_STRING ""
#define PACKAGE_BUGREPORT ""
#define PACKAGE_URL ""
#define HAVE_STDIO_H 1
#define HAVE_STDLIB_H 1
#define HAVE_STRING_H 1
#define HAVE_INTTYPES_H 1
#define HAVE_STDINT_H 1
#define HAVE_STRINGS_H 1
#define HAVE_SYS_STAT_H 1
#define HAVE_SYS_TYPES_H 1
#define HAVE_UNISTD_H 1
#define STDC_HEADERS 1
#define HAVE_GDAL_H 1
#define HAVE_GEOS_C_H 1

configure: exit 0
